[INFO] Scanning for projects...
[INFO] 
[INFO] -------------------------< pers.adlered:bolo >--------------------------
[INFO] Building Bolo v2.6.4-stable
[INFO]   from pom.xml
[INFO] --------------------------------[ war ]---------------------------------
[WARNING] The artifact mysql:mysql-connector-java:jar:8.0.33 has been relocated to com.mysql:mysql-connector-j:jar:8.0.33: MySQL Connector/J artifacts moved to reverse-DNS compliant Maven 2+ coordinates.
[INFO] 
[INFO] --- clean:3.2.0:clean (default-clean) @ bolo ---
[INFO] Deleting D:\project\github\bolo-solo\target
[INFO] 
[INFO] --- jacoco:0.8.2:prepare-agent (prepare-agent) @ bolo ---
[INFO] argLine set to -javaagent:D:\\data\\maven\\repository\\org\\jacoco\\org.jacoco.agent\\0.8.2\\org.jacoco.agent-0.8.2-runtime.jar=destfile=D:\\project\\github\\bolo-solo\\target\\jacoco.exec
[INFO] 
[INFO] --- license:3.0:format (default) @ bolo ---
[INFO] Updating license headers...
[INFO] 
[INFO] --- resources:3.3.1:resources (default-resources) @ bolo ---
[INFO] Copying 9 resources from src\main\resources to target\classes
[INFO] 
[INFO] --- compiler:3.13.0:compile (default-compile) @ bolo ---
[INFO] Recompiling the module because of changed source code.
[INFO] Compiling 207 source files with javac [debug target 21] to target\classes
[INFO] 由于在类路径中发现了一个或多个处理程序，因此启用了
  批注处理。未来发行版的 javac 可能会禁用批注处理，
  除非至少按名称指定了一个处理程序 (-processor)，
  或指定了搜索路径 (--processor-path, --processor-module-path)，
  或显式启用了批注处理 (-proc:only, -proc:full)。
  可使用 -Xlint:-options 隐藏此消息。
  可使用 -proc:none 禁用批注处理。
[INFO] -------------------------------------------------------------
[ERROR] COMPILATION ERROR : 
[INFO] -------------------------------------------------------------
[ERROR] /D:/project/github/bolo-solo/src/main/java/org/b3log/solo/SoloServletListener.java:[27,31] 程序包org.apache.commons.lang不存在
[ERROR] /D:/project/github/bolo-solo/src/main/java/org/b3log/solo/SoloServletListener.java:[32,31] 程序包org.b3log.latke.logging不存在
[ERROR] /D:/project/github/bolo-solo/src/main/java/org/b3log/solo/SoloServletListener.java:[33,31] 程序包org.b3log.latke.logging不存在
[ERROR] /D:/project/github/bolo-solo/src/main/java/org/b3log/solo/SoloServletListener.java:[37,31] 程序包org.b3log.latke.servlet不存在
[ERROR] /D:/project/github/bolo-solo/src/main/java/org/b3log/solo/SoloServletListener.java:[38,31] 程序包org.b3log.latke.servlet不存在
[ERROR] /D:/project/github/bolo-solo/src/main/java/org/b3log/solo/SoloServletListener.java:[96,48] 找不到符号
  符号: 类 AbstractServletListener
[ERROR] /D:/project/github/bolo-solo/src/main/java/org/b3log/solo/SoloServletListener.java:[101,26] 找不到符号
  符号:   类 Logger
  位置: 类 org.b3log.solo.SoloServletListener
[ERROR] /D:/project/github/bolo-solo/src/main/java/org/b3log/solo/Starter.java:[22,31] 程序包org.b3log.latke.logging不存在
[ERROR] /D:/project/github/bolo-solo/src/main/java/org/b3log/solo/Starter.java:[23,31] 程序包org.b3log.latke.logging不存在
[ERROR] /D:/project/github/bolo-solo/src/main/java/org/b3log/solo/bolo/pic/PicUploadProcessor.java:[24,31] 程序包org.b3log.latke.logging不存在
[ERROR] /D:/project/github/bolo-solo/src/main/java/org/b3log/solo/bolo/pic/PicUploadProcessor.java:[25,31] 程序包org.b3log.latke.servlet不存在
[ERROR] /D:/project/github/bolo-solo/src/main/java/org/b3log/solo/bolo/pic/PicUploadProcessor.java:[26,31] 程序包org.b3log.latke.servlet不存在
[ERROR] /D:/project/github/bolo-solo/src/main/java/org/b3log/solo/bolo/pic/PicUploadProcessor.java:[27,42] 程序包org.b3log.latke.servlet.annotation不存在
[ERROR] /D:/project/github/bolo-solo/src/main/java/org/b3log/solo/bolo/pic/PicUploadProcessor.java:[28,42] 程序包org.b3log.latke.servlet.annotation不存在
[ERROR] /D:/project/github/bolo-solo/src/main/java/org/b3log/solo/bolo/pic/PicUploadProcessor.java:[57,2] 找不到符号
  符号: 类 RequestProcessor
[ERROR] /D:/project/github/bolo-solo/src/main/java/org/b3log/solo/bolo/pic/PicUploadProcessor.java:[63,26] 找不到符号
  符号:   类 Logger
  位置: 类 org.b3log.solo.bolo.pic.PicUploadProcessor
[ERROR] /D:/project/github/bolo-solo/src/main/java/org/b3log/solo/bolo/pic/PicUploadProcessor.java:[77,37] 找不到符号
  符号:   类 RequestContext
  位置: 类 org.b3log.solo.bolo.pic.PicUploadProcessor
[ERROR] /D:/project/github/bolo-solo/src/main/java/org/b3log/solo/bolo/pic/PicUploadProcessor.java:[144,51] 找不到符号
  符号:   类 RequestContext
  位置: 类 org.b3log.solo.bolo.pic.PicUploadProcessor
[ERROR] /D:/project/github/bolo-solo/src/main/java/org/b3log/solo/bolo/pic/PicUploadProcessor.java:[192,37] 找不到符号
  符号:   类 RequestContext
  位置: 类 org.b3log.solo.bolo.pic.PicUploadProcessor
[ERROR] /D:/project/github/bolo-solo/src/main/java/org/b3log/solo/bolo/pic/util/UploadUtil.java:[40,31] 程序包org.apache.commons.lang不存在
[ERROR] /D:/project/github/bolo-solo/src/main/java/org/b3log/solo/bolo/pic/util/UploadUtil.java:[55,31] 程序包org.b3log.latke.logging不存在
[ERROR] /D:/project/github/bolo-solo/src/main/java/org/b3log/solo/bolo/pic/util/UploadUtil.java:[56,31] 程序包org.b3log.latke.logging不存在
[ERROR] /D:/project/github/bolo-solo/src/main/java/org/b3log/solo/bolo/pic/util/UploadUtil.java:[84,26] 找不到符号
  符号:   类 Logger
  位置: 类 org.b3log.solo.bolo.pic.util.UploadUtil
[ERROR] /D:/project/github/bolo-solo/src/main/java/org/b3log/solo/bolo/prop/BackupService.java:[32,36] 程序包org.apache.commons.lang.time不存在
[ERROR] /D:/project/github/bolo-solo/src/main/java/org/b3log/solo/bolo/prop/BackupService.java:[36,31] 程序包org.b3log.latke.servlet不存在
[ERROR] /D:/project/github/bolo-solo/src/main/java/org/b3log/solo/bolo/prop/BackupService.java:[37,31] 程序包org.b3log.latke.servlet不存在
[ERROR] /D:/project/github/bolo-solo/src/main/java/org/b3log/solo/bolo/prop/BackupService.java:[38,42] 程序包org.b3log.latke.servlet.annotation不存在
[ERROR] /D:/project/github/bolo-solo/src/main/java/org/b3log/solo/bolo/prop/BackupService.java:[39,42] 程序包org.b3log.latke.servlet.annotation不存在
[ERROR] /D:/project/github/bolo-solo/src/main/java/org/b3log/solo/bolo/prop/BackupService.java:[66,2] 找不到符号
  符号: 类 RequestProcessor
[ERROR] /D:/project/github/bolo-solo/src/main/java/org/b3log/solo/service/OptionQueryService.java:[21,31] 程序包org.b3log.latke.logging不存在
[ERROR] /D:/project/github/bolo-solo/src/main/java/org/b3log/solo/service/OptionQueryService.java:[22,31] 程序包org.b3log.latke.logging不存在
[ERROR] /D:/project/github/bolo-solo/src/main/java/org/b3log/solo/service/ExportService.java:[41,31] 程序包org.apache.commons.lang不存在
[ERROR] /D:/project/github/bolo-solo/src/main/java/org/b3log/solo/service/ExportService.java:[42,36] 程序包org.apache.commons.lang.time不存在
[ERROR] /D:/project/github/bolo-solo/src/main/java/org/b3log/solo/service/ExportService.java:[47,31] 程序包org.b3log.latke.logging不存在
[ERROR] /D:/project/github/bolo-solo/src/main/java/org/b3log/solo/service/ExportService.java:[48,31] 程序包org.b3log.latke.logging不存在
[ERROR] /D:/project/github/bolo-solo/src/main/java/org/b3log/solo/service/ArticleMgmtService.java:[20,31] 程序包org.apache.commons.lang不存在
[ERROR] /D:/project/github/bolo-solo/src/main/java/org/b3log/solo/service/ArticleMgmtService.java:[21,36] 程序包org.apache.commons.lang.time不存在
[ERROR] /D:/project/github/bolo-solo/src/main/java/org/b3log/solo/service/ArticleMgmtService.java:[22,36] 程序包org.apache.commons.lang.time不存在
[ERROR] /D:/project/github/bolo-solo/src/main/java/org/b3log/solo/service/ArticleMgmtService.java:[28,31] 程序包org.b3log.latke.logging不存在
[ERROR] /D:/project/github/bolo-solo/src/main/java/org/b3log/solo/service/ArticleMgmtService.java:[29,31] 程序包org.b3log.latke.logging不存在
[ERROR] /D:/project/github/bolo-solo/src/main/java/org/b3log/solo/model/Article.java:[20,31] 程序包org.apache.commons.lang不存在
[ERROR] /D:/project/github/bolo-solo/src/main/java/org/b3log/solo/service/InitService.java:[27,36] 程序包org.apache.commons.lang.time不存在
[ERROR] /D:/project/github/bolo-solo/src/main/java/org/b3log/solo/service/InitService.java:[28,36] 程序包org.apache.commons.lang.time不存在
[ERROR] /D:/project/github/bolo-solo/src/main/java/org/b3log/solo/service/InitService.java:[32,31] 程序包org.b3log.latke.logging不存在
[ERROR] /D:/project/github/bolo-solo/src/main/java/org/b3log/solo/service/InitService.java:[33,31] 程序包org.b3log.latke.logging不存在
[ERROR] /D:/project/github/bolo-solo/src/main/java/org/b3log/solo/service/ImportService.java:[21,31] 程序包org.apache.commons.lang不存在
[ERROR] /D:/project/github/bolo-solo/src/main/java/org/b3log/solo/service/ImportService.java:[22,36] 程序包org.apache.commons.lang.time不存在
[ERROR] /D:/project/github/bolo-solo/src/main/java/org/b3log/solo/service/ImportService.java:[25,31] 程序包org.b3log.latke.logging不存在
[ERROR] /D:/project/github/bolo-solo/src/main/java/org/b3log/solo/service/ImportService.java:[26,31] 程序包org.b3log.latke.logging不存在
[ERROR] /D:/project/github/bolo-solo/src/main/java/org/b3log/solo/bolo/prop/BackupService.java:[105,39] 找不到符号
  符号:   类 RequestContext
  位置: 类 org.b3log.solo.bolo.prop.BackupService
[ERROR] /D:/project/github/bolo-solo/src/main/java/org/b3log/solo/bolo/prop/BackupService.java:[132,44] 找不到符号
  符号:   类 RequestContext
  位置: 类 org.b3log.solo.bolo.prop.BackupService
[ERROR] /D:/project/github/bolo-solo/src/main/java/org/b3log/solo/bolo/prop/BackupService.java:[161,44] 找不到符号
  符号:   类 RequestContext
  位置: 类 org.b3log.solo.bolo.prop.BackupService
[ERROR] /D:/project/github/bolo-solo/src/main/java/org/b3log/solo/bolo/prop/BackupService.java:[183,41] 找不到符号
  符号:   类 RequestContext
  位置: 类 org.b3log.solo.bolo.prop.BackupService
[ERROR] /D:/project/github/bolo-solo/src/main/java/org/b3log/solo/bolo/prop/BackupService.java:[263,42] 找不到符号
  符号:   类 RequestContext
  位置: 类 org.b3log.solo.bolo.prop.BackupService
[ERROR] /D:/project/github/bolo-solo/src/main/java/org/b3log/solo/service/ImportService.java:[51,26] 找不到符号
  符号:   类 Logger
  位置: 类 org.b3log.solo.service.ImportService
[ERROR] /D:/project/github/bolo-solo/src/main/java/org/b3log/solo/service/UserQueryService.java:[25,31] 程序包org.b3log.latke.logging不存在
[ERROR] /D:/project/github/bolo-solo/src/main/java/org/b3log/solo/service/UserQueryService.java:[26,31] 程序包org.b3log.latke.logging不存在
[ERROR] /D:/project/github/bolo-solo/src/main/java/org/b3log/solo/service/UserQueryService.java:[57,26] 找不到符号
  符号:   类 Logger
  位置: 类 org.b3log.solo.service.UserQueryService
[ERROR] /D:/project/github/bolo-solo/src/main/java/org/b3log/solo/service/UserMgmtService.java:[20,31] 程序包org.apache.commons.lang不存在
[ERROR] /D:/project/github/bolo-solo/src/main/java/org/b3log/solo/service/UserMgmtService.java:[25,31] 程序包org.b3log.latke.logging不存在
[ERROR] /D:/project/github/bolo-solo/src/main/java/org/b3log/solo/service/UserMgmtService.java:[26,31] 程序包org.b3log.latke.logging不存在
[ERROR] /D:/project/github/bolo-solo/src/main/java/org/b3log/solo/service/UserMgmtService.java:[63,26] 找不到符号
  符号:   类 Logger
  位置: 类 org.b3log.solo.service.UserMgmtService
[ERROR] /D:/project/github/bolo-solo/src/main/java/org/b3log/solo/service/OptionMgmtService.java:[20,31] 程序包org.apache.commons.lang不存在
[ERROR] /D:/project/github/bolo-solo/src/main/java/org/b3log/solo/service/InitService.java:[81,26] 找不到符号
  符号:   类 Logger
  位置: 类 org.b3log.solo.service.InitService
[ERROR] /D:/project/github/bolo-solo/src/main/java/org/b3log/solo/repository/TagArticleRepository.java:[20,31] 程序包org.apache.commons.lang不存在
[ERROR] /D:/project/github/bolo-solo/src/main/java/org/b3log/solo/repository/TagArticleRepository.java:[24,31] 程序包org.b3log.latke.logging不存在
[ERROR] /D:/project/github/bolo-solo/src/main/java/org/b3log/solo/repository/TagArticleRepository.java:[25,31] 程序包org.b3log.latke.logging不存在
[ERROR] /D:/project/github/bolo-solo/src/main/java/org/b3log/solo/repository/ArchiveDateRepository.java:[20,36] 程序包org.apache.commons.lang.time不存在
[ERROR] /D:/project/github/bolo-solo/src/main/java/org/b3log/solo/repository/ArchiveDateRepository.java:[23,31] 程序包org.b3log.latke.logging不存在
[ERROR] /D:/project/github/bolo-solo/src/main/java/org/b3log/solo/repository/ArchiveDateRepository.java:[24,31] 程序包org.b3log.latke.logging不存在
[ERROR] /D:/project/github/bolo-solo/src/main/java/org/b3log/solo/repository/ArchiveDateArticleRepository.java:[22,31] 程序包org.b3log.latke.logging不存在
[ERROR] /D:/project/github/bolo-solo/src/main/java/org/b3log/solo/repository/ArchiveDateArticleRepository.java:[23,31] 程序包org.b3log.latke.logging不存在
[ERROR] /D:/project/github/bolo-solo/src/main/java/org/b3log/solo/repository/ArticleRepository.java:[22,31] 程序包org.b3log.latke.logging不存在
[ERROR] /D:/project/github/bolo-solo/src/main/java/org/b3log/solo/repository/ArticleRepository.java:[23,31] 程序包org.b3log.latke.logging不存在
[ERROR] /D:/project/github/bolo-solo/src/main/java/org/b3log/solo/repository/CommentRepository.java:[22,31] 程序包org.b3log.latke.logging不存在
[ERROR] /D:/project/github/bolo-solo/src/main/java/org/b3log/solo/repository/CommentRepository.java:[23,31] 程序包org.b3log.latke.logging不存在
[ERROR] /D:/project/github/bolo-solo/src/main/java/org/b3log/solo/service/StatisticMgmtService.java:[21,31] 程序包org.b3log.latke.logging不存在
[ERROR] /D:/project/github/bolo-solo/src/main/java/org/b3log/solo/service/StatisticMgmtService.java:[22,31] 程序包org.b3log.latke.logging不存在
[ERROR] /D:/project/github/bolo-solo/src/main/java/org/b3log/solo/service/StatisticMgmtService.java:[28,31] 程序包org.b3log.latke.servlet不存在
[ERROR] /D:/project/github/bolo-solo/src/main/java/org/b3log/solo/service/StatisticMgmtService.java:[67,26] 找不到符号
  符号:   类 Logger
  位置: 类 org.b3log.solo.service.StatisticMgmtService
[ERROR] /D:/project/github/bolo-solo/src/main/java/org/b3log/solo/service/StatisticMgmtService.java:[140,47] 找不到符号
  符号:   类 RequestContext
  位置: 类 org.b3log.solo.service.StatisticMgmtService
[ERROR] /D:/project/github/bolo-solo/src/main/java/org/b3log/solo/service/StatisticMgmtService.java:[218,40] 找不到符号
  符号:   类 RequestContext
  位置: 类 org.b3log.solo.service.StatisticMgmtService
[ERROR] /D:/project/github/bolo-solo/src/main/java/org/b3log/solo/repository/CommentRepository.java:[46,26] 找不到符号
  符号:   类 Logger
  位置: 类 org.b3log.solo.repository.CommentRepository
[ERROR] /D:/project/github/bolo-solo/src/main/java/org/b3log/solo/repository/ArticleRepository.java:[48,26] 找不到符号
  符号:   类 Logger
  位置: 类 org.b3log.solo.repository.ArticleRepository
[ERROR] /D:/project/github/bolo-solo/src/main/java/org/b3log/solo/repository/ArchiveDateArticleRepository.java:[46,26] 找不到符号
  符号:   类 Logger
  位置: 类 org.b3log.solo.repository.ArchiveDateArticleRepository
[ERROR] /D:/project/github/bolo-solo/src/main/java/org/b3log/solo/repository/ArchiveDateRepository.java:[47,26] 找不到符号
  符号:   类 Logger
  位置: 类 org.b3log.solo.repository.ArchiveDateRepository
[ERROR] /D:/project/github/bolo-solo/src/main/java/org/b3log/solo/repository/TagArticleRepository.java:[48,26] 找不到符号
  符号:   类 Logger
  位置: 类 org.b3log.solo.repository.TagArticleRepository
[ERROR] /D:/project/github/bolo-solo/src/main/java/org/b3log/solo/service/ArticleMgmtService.java:[69,26] 找不到符号
  符号:   类 Logger
  位置: 类 org.b3log.solo.service.ArticleMgmtService
[ERROR] /D:/project/github/bolo-solo/src/main/java/org/b3log/solo/service/ArticleQueryService.java:[29,31] 程序包org.apache.commons.lang不存在
[ERROR] /D:/project/github/bolo-solo/src/main/java/org/b3log/solo/service/ArticleQueryService.java:[32,31] 程序包org.b3log.latke.logging不存在
[ERROR] /D:/project/github/bolo-solo/src/main/java/org/b3log/solo/service/ArticleQueryService.java:[33,31] 程序包org.b3log.latke.logging不存在
[ERROR] /D:/project/github/bolo-solo/src/main/java/org/b3log/solo/service/ArticleQueryService.java:[48,31] 程序包org.b3log.latke.servlet不存在
[ERROR] /D:/project/github/bolo-solo/src/main/java/org/b3log/solo/service/PermalinkQueryService.java:[23,31] 程序包org.apache.commons.lang不存在
[ERROR] /D:/project/github/bolo-solo/src/main/java/org/b3log/solo/service/PermalinkQueryService.java:[26,31] 程序包org.b3log.latke.logging不存在
[ERROR] /D:/project/github/bolo-solo/src/main/java/org/b3log/solo/service/PermalinkQueryService.java:[27,31] 程序包org.b3log.latke.logging不存在
[ERROR] /D:/project/github/bolo-solo/src/main/java/org/b3log/solo/service/StatisticQueryService.java:[21,31] 程序包org.b3log.latke.logging不存在
[ERROR] /D:/project/github/bolo-solo/src/main/java/org/b3log/solo/service/StatisticQueryService.java:[22,31] 程序包org.b3log.latke.logging不存在
[ERROR] /D:/project/github/bolo-solo/src/main/java/org/b3log/solo/service/TagMgmtService.java:[22,31] 程序包org.b3log.latke.logging不存在
[ERROR] /D:/project/github/bolo-solo/src/main/java/org/b3log/solo/service/TagMgmtService.java:[23,31] 程序包org.b3log.latke.logging不存在
[ERROR] /D:/project/github/bolo-solo/src/main/java/org/b3log/solo/service/CategoryMgmtService.java:[22,31] 程序包org.b3log.latke.logging不存在
[INFO] 100 errors 
[INFO] -------------------------------------------------------------
[INFO] ------------------------------------------------------------------------
[INFO] BUILD FAILURE
[INFO] ------------------------------------------------------------------------
[INFO] Total time:  5.897 s
[INFO] Finished at: 2026-03-15T16:14:11+08:00
[INFO] ------------------------------------------------------------------------
[ERROR] Failed to execute goal org.apache.maven.plugins:maven-compiler-plugin:3.13.0:compile (default-compile) on project bolo: Compilation failure: Compilation failure: 
[ERROR] /D:/project/github/bolo-solo/src/main/java/org/b3log/solo/SoloServletListener.java:[27,31] 程序包org.apache.commons.lang不存在
[ERROR] /D:/project/github/bolo-solo/src/main/java/org/b3log/solo/SoloServletListener.java:[32,31] 程序包org.b3log.latke.logging不存在
[ERROR] /D:/project/github/bolo-solo/src/main/java/org/b3log/solo/SoloServletListener.java:[33,31] 程序包org.b3log.latke.logging不存在
[ERROR] /D:/project/github/bolo-solo/src/main/java/org/b3log/solo/SoloServletListener.java:[37,31] 程序包org.b3log.latke.servlet不存在
[ERROR] /D:/project/github/bolo-solo/src/main/java/org/b3log/solo/SoloServletListener.java:[38,31] 程序包org.b3log.latke.servlet不存在
[ERROR] /D:/project/github/bolo-solo/src/main/java/org/b3log/solo/SoloServletListener.java:[96,48] 找不到符号
[ERROR]   符号: 类 AbstractServletListener
[ERROR] /D:/project/github/bolo-solo/src/main/java/org/b3log/solo/SoloServletListener.java:[101,26] 找不到符号
[ERROR]   符号:   类 Logger
[ERROR]   位置: 类 org.b3log.solo.SoloServletListener
[ERROR] /D:/project/github/bolo-solo/src/main/java/org/b3log/solo/Starter.java:[22,31] 程序包org.b3log.latke.logging不存在
[ERROR] /D:/project/github/bolo-solo/src/main/java/org/b3log/solo/Starter.java:[23,31] 程序包org.b3log.latke.logging不存在
[ERROR] /D:/project/github/bolo-solo/src/main/java/org/b3log/solo/bolo/pic/PicUploadProcessor.java:[24,31] 程序包org.b3log.latke.logging不存在
[ERROR] /D:/project/github/bolo-solo/src/main/java/org/b3log/solo/bolo/pic/PicUploadProcessor.java:[25,31] 程序包org.b3log.latke.servlet不存在
[ERROR] /D:/project/github/bolo-solo/src/main/java/org/b3log/solo/bolo/pic/PicUploadProcessor.java:[26,31] 程序包org.b3log.latke.servlet不存在
[ERROR] /D:/project/github/bolo-solo/src/main/java/org/b3log/solo/bolo/pic/PicUploadProcessor.java:[27,42] 程序包org.b3log.latke.servlet.annotation不存在
[ERROR] /D:/project/github/bolo-solo/src/main/java/org/b3log/solo/bolo/pic/PicUploadProcessor.java:[28,42] 程序包org.b3log.latke.servlet.annotation不存在
[ERROR] /D:/project/github/bolo-solo/src/main/java/org/b3log/solo/bolo/pic/PicUploadProcessor.java:[57,2] 找不到符号
[ERROR]   符号: 类 RequestProcessor
[ERROR] /D:/project/github/bolo-solo/src/main/java/org/b3log/solo/bolo/pic/PicUploadProcessor.java:[63,26] 找不到符号
[ERROR]   符号:   类 Logger
[ERROR]   位置: 类 org.b3log.solo.bolo.pic.PicUploadProcessor
[ERROR] /D:/project/github/bolo-solo/src/main/java/org/b3log/solo/bolo/pic/PicUploadProcessor.java:[77,37] 找不到符号
[ERROR]   符号:   类 RequestContext
[ERROR]   位置: 类 org.b3log.solo.bolo.pic.PicUploadProcessor
[ERROR] /D:/project/github/bolo-solo/src/main/java/org/b3log/solo/bolo/pic/PicUploadProcessor.java:[144,51] 找不到符号
[ERROR]   符号:   类 RequestContext
[ERROR]   位置: 类 org.b3log.solo.bolo.pic.PicUploadProcessor
[ERROR] /D:/project/github/bolo-solo/src/main/java/org/b3log/solo/bolo/pic/PicUploadProcessor.java:[192,37] 找不到符号
[ERROR]   符号:   类 RequestContext
[ERROR]   位置: 类 org.b3log.solo.bolo.pic.PicUploadProcessor
[ERROR] /D:/project/github/bolo-solo/src/main/java/org/b3log/solo/bolo/pic/util/UploadUtil.java:[40,31] 程序包org.apache.commons.lang不存在
[ERROR] /D:/project/github/bolo-solo/src/main/java/org/b3log/solo/bolo/pic/util/UploadUtil.java:[55,31] 程序包org.b3log.latke.logging不存在
[ERROR] /D:/project/github/bolo-solo/src/main/java/org/b3log/solo/bolo/pic/util/UploadUtil.java:[56,31] 程序包org.b3log.latke.logging不存在
[ERROR] /D:/project/github/bolo-solo/src/main/java/org/b3log/solo/bolo/pic/util/UploadUtil.java:[84,26] 找不到符号
[ERROR]   符号:   类 Logger
[ERROR]   位置: 类 org.b3log.solo.bolo.pic.util.UploadUtil
[ERROR] /D:/project/github/bolo-solo/src/main/java/org/b3log/solo/bolo/prop/BackupService.java:[32,36] 程序包org.apache.commons.lang.time不存在
[ERROR] /D:/project/github/bolo-solo/src/main/java/org/b3log/solo/bolo/prop/BackupService.java:[36,31] 程序包org.b3log.latke.servlet不存在
[ERROR] /D:/project/github/bolo-solo/src/main/java/org/b3log/solo/bolo/prop/BackupService.java:[37,31] 程序包org.b3log.latke.servlet不存在
[ERROR] /D:/project/github/bolo-solo/src/main/java/org/b3log/solo/bolo/prop/BackupService.java:[38,42] 程序包org.b3log.latke.servlet.annotation不存在
[ERROR] /D:/project/github/bolo-solo/src/main/java/org/b3log/solo/bolo/prop/BackupService.java:[39,42] 程序包org.b3log.latke.servlet.annotation不存在
[ERROR] /D:/project/github/bolo-solo/src/main/java/org/b3log/solo/bolo/prop/BackupService.java:[66,2] 找不到符号
[ERROR]   符号: 类 RequestProcessor
[ERROR] /D:/project/github/bolo-solo/src/main/java/org/b3log/solo/service/OptionQueryService.java:[21,31] 程序包org.b3log.latke.logging不存在
[ERROR] /D:/project/github/bolo-solo/src/main/java/org/b3log/solo/service/OptionQueryService.java:[22,31] 程序包org.b3log.latke.logging不存在
[ERROR] /D:/project/github/bolo-solo/src/main/java/org/b3log/solo/service/ExportService.java:[41,31] 程序包org.apache.commons.lang不存在
[ERROR] /D:/project/github/bolo-solo/src/main/java/org/b3log/solo/service/ExportService.java:[42,36] 程序包org.apache.commons.lang.time不存在
[ERROR] /D:/project/github/bolo-solo/src/main/java/org/b3log/solo/service/ExportService.java:[47,31] 程序包org.b3log.latke.logging不存在
[ERROR] /D:/project/github/bolo-solo/src/main/java/org/b3log/solo/service/ExportService.java:[48,31] 程序包org.b3log.latke.logging不存在
[ERROR] /D:/project/github/bolo-solo/src/main/java/org/b3log/solo/service/ArticleMgmtService.java:[20,31] 程序包org.apache.commons.lang不存在
[ERROR] /D:/project/github/bolo-solo/src/main/java/org/b3log/solo/service/ArticleMgmtService.java:[21,36] 程序包org.apache.commons.lang.time不存在
[ERROR] /D:/project/github/bolo-solo/src/main/java/org/b3log/solo/service/ArticleMgmtService.java:[22,36] 程序包org.apache.commons.lang.time不存在
[ERROR] /D:/project/github/bolo-solo/src/main/java/org/b3log/solo/service/ArticleMgmtService.java:[28,31] 程序包org.b3log.latke.logging不存在
[ERROR] /D:/project/github/bolo-solo/src/main/java/org/b3log/solo/service/ArticleMgmtService.java:[29,31] 程序包org.b3log.latke.logging不存在
[ERROR] /D:/project/github/bolo-solo/src/main/java/org/b3log/solo/model/Article.java:[20,31] 程序包org.apache.commons.lang不存在
[ERROR] /D:/project/github/bolo-solo/src/main/java/org/b3log/solo/service/InitService.java:[27,36] 程序包org.apache.commons.lang.time不存在
[ERROR] /D:/project/github/bolo-solo/src/main/java/org/b3log/solo/service/InitService.java:[28,36] 程序包org.apache.commons.lang.time不存在
[ERROR] /D:/project/github/bolo-solo/src/main/java/org/b3log/solo/service/InitService.java:[32,31] 程序包org.b3log.latke.logging不存在
[ERROR] /D:/project/github/bolo-solo/src/main/java/org/b3log/solo/service/InitService.java:[33,31] 程序包org.b3log.latke.logging不存在
[ERROR] /D:/project/github/bolo-solo/src/main/java/org/b3log/solo/service/ImportService.java:[21,31] 程序包org.apache.commons.lang不存在
[ERROR] /D:/project/github/bolo-solo/src/main/java/org/b3log/solo/service/ImportService.java:[22,36] 程序包org.apache.commons.lang.time不存在
[ERROR] /D:/project/github/bolo-solo/src/main/java/org/b3log/solo/service/ImportService.java:[25,31] 程序包org.b3log.latke.logging不存在
[ERROR] /D:/project/github/bolo-solo/src/main/java/org/b3log/solo/service/ImportService.java:[26,31] 程序包org.b3log.latke.logging不存在
[ERROR] /D:/project/github/bolo-solo/src/main/java/org/b3log/solo/bolo/prop/BackupService.java:[105,39] 找不到符号
[ERROR]   符号:   类 RequestContext
[ERROR]   位置: 类 org.b3log.solo.bolo.prop.BackupService
[ERROR] /D:/project/github/bolo-solo/src/main/java/org/b3log/solo/bolo/prop/BackupService.java:[132,44] 找不到符号
[ERROR]   符号:   类 RequestContext
[ERROR]   位置: 类 org.b3log.solo.bolo.prop.BackupService
[ERROR] /D:/project/github/bolo-solo/src/main/java/org/b3log/solo/bolo/prop/BackupService.java:[161,44] 找不到符号
[ERROR]   符号:   类 RequestContext
[ERROR]   位置: 类 org.b3log.solo.bolo.prop.BackupService
[ERROR] /D:/project/github/bolo-solo/src/main/java/org/b3log/solo/bolo/prop/BackupService.java:[183,41] 找不到符号
[ERROR]   符号:   类 RequestContext
[ERROR]   位置: 类 org.b3log.solo.bolo.prop.BackupService
[ERROR] /D:/project/github/bolo-solo/src/main/java/org/b3log/solo/bolo/prop/BackupService.java:[263,42] 找不到符号
[ERROR]   符号:   类 RequestContext
[ERROR]   位置: 类 org.b3log.solo.bolo.prop.BackupService
[ERROR] /D:/project/github/bolo-solo/src/main/java/org/b3log/solo/service/ImportService.java:[51,26] 找不到符号
[ERROR]   符号:   类 Logger
[ERROR]   位置: 类 org.b3log.solo.service.ImportService
[ERROR] /D:/project/github/bolo-solo/src/main/java/org/b3log/solo/service/UserQueryService.java:[25,31] 程序包org.b3log.latke.logging不存在
[ERROR] /D:/project/github/bolo-solo/src/main/java/org/b3log/solo/service/UserQueryService.java:[26,31] 程序包org.b3log.latke.logging不存在
[ERROR] /D:/project/github/bolo-solo/src/main/java/org/b3log/solo/service/UserQueryService.java:[57,26] 找不到符号
[ERROR]   符号:   类 Logger
[ERROR]   位置: 类 org.b3log.solo.service.UserQueryService
[ERROR] /D:/project/github/bolo-solo/src/main/java/org/b3log/solo/service/UserMgmtService.java:[20,31] 程序包org.apache.commons.lang不存在
[ERROR] /D:/project/github/bolo-solo/src/main/java/org/b3log/solo/service/UserMgmtService.java:[25,31] 程序包org.b3log.latke.logging不存在
[ERROR] /D:/project/github/bolo-solo/src/main/java/org/b3log/solo/service/UserMgmtService.java:[26,31] 程序包org.b3log.latke.logging不存在
[ERROR] /D:/project/github/bolo-solo/src/main/java/org/b3log/solo/service/UserMgmtService.java:[63,26] 找不到符号
[ERROR]   符号:   类 Logger
[ERROR]   位置: 类 org.b3log.solo.service.UserMgmtService
[ERROR] /D:/project/github/bolo-solo/src/main/java/org/b3log/solo/service/OptionMgmtService.java:[20,31] 程序包org.apache.commons.lang不存在
[ERROR] /D:/project/github/bolo-solo/src/main/java/org/b3log/solo/service/InitService.java:[81,26] 找不到符号
[ERROR]   符号:   类 Logger
[ERROR]   位置: 类 org.b3log.solo.service.InitService
[ERROR] /D:/project/github/bolo-solo/src/main/java/org/b3log/solo/repository/TagArticleRepository.java:[20,31] 程序包org.apache.commons.lang不存在
[ERROR] /D:/project/github/bolo-solo/src/main/java/org/b3log/solo/repository/TagArticleRepository.java:[24,31] 程序包org.b3log.latke.logging不存在
[ERROR] /D:/project/github/bolo-solo/src/main/java/org/b3log/solo/repository/TagArticleRepository.java:[25,31] 程序包org.b3log.latke.logging不存在
[ERROR] /D:/project/github/bolo-solo/src/main/java/org/b3log/solo/repository/ArchiveDateRepository.java:[20,36] 程序包org.apache.commons.lang.time不存在
[ERROR] /D:/project/github/bolo-solo/src/main/java/org/b3log/solo/repository/ArchiveDateRepository.java:[23,31] 程序包org.b3log.latke.logging不存在
[ERROR] /D:/project/github/bolo-solo/src/main/java/org/b3log/solo/repository/ArchiveDateRepository.java:[24,31] 程序包org.b3log.latke.logging不存在
[ERROR] /D:/project/github/bolo-solo/src/main/java/org/b3log/solo/repository/ArchiveDateArticleRepository.java:[22,31] 程序包org.b3log.latke.logging不存在
[ERROR] /D:/project/github/bolo-solo/src/main/java/org/b3log/solo/repository/ArchiveDateArticleRepository.java:[23,31] 程序包org.b3log.latke.logging不存在
[ERROR] /D:/project/github/bolo-solo/src/main/java/org/b3log/solo/repository/ArticleRepository.java:[22,31] 程序包org.b3log.latke.logging不存在
[ERROR] /D:/project/github/bolo-solo/src/main/java/org/b3log/solo/repository/ArticleRepository.java:[23,31] 程序包org.b3log.latke.logging不存在
[ERROR] /D:/project/github/bolo-solo/src/main/java/org/b3log/solo/repository/CommentRepository.java:[22,31] 程序包org.b3log.latke.logging不存在
[ERROR] /D:/project/github/bolo-solo/src/main/java/org/b3log/solo/repository/CommentRepository.java:[23,31] 程序包org.b3log.latke.logging不存在
[ERROR] /D:/project/github/bolo-solo/src/main/java/org/b3log/solo/service/StatisticMgmtService.java:[21,31] 程序包org.b3log.latke.logging不存在
[ERROR] /D:/project/github/bolo-solo/src/main/java/org/b3log/solo/service/StatisticMgmtService.java:[22,31] 程序包org.b3log.latke.logging不存在
[ERROR] /D:/project/github/bolo-solo/src/main/java/org/b3log/solo/service/StatisticMgmtService.java:[28,31] 程序包org.b3log.latke.servlet不存在
[ERROR] /D:/project/github/bolo-solo/src/main/java/org/b3log/solo/service/StatisticMgmtService.java:[67,26] 找不到符号
[ERROR]   符号:   类 Logger
[ERROR]   位置: 类 org.b3log.solo.service.StatisticMgmtService
[ERROR] /D:/project/github/bolo-solo/src/main/java/org/b3log/solo/service/StatisticMgmtService.java:[140,47] 找不到符号
[ERROR]   符号:   类 RequestContext
[ERROR]   位置: 类 org.b3log.solo.service.StatisticMgmtService
[ERROR] /D:/project/github/bolo-solo/src/main/java/org/b3log/solo/service/StatisticMgmtService.java:[218,40] 找不到符号
[ERROR]   符号:   类 RequestContext
[ERROR]   位置: 类 org.b3log.solo.service.StatisticMgmtService
[ERROR] /D:/project/github/bolo-solo/src/main/java/org/b3log/solo/repository/CommentRepository.java:[46,26] 找不到符号
[ERROR]   符号:   类 Logger
[ERROR]   位置: 类 org.b3log.solo.repository.CommentRepository
[ERROR] /D:/project/github/bolo-solo/src/main/java/org/b3log/solo/repository/ArticleRepository.java:[48,26] 找不到符号
[ERROR]   符号:   类 Logger
[ERROR]   位置: 类 org.b3log.solo.repository.ArticleRepository
[ERROR] /D:/project/github/bolo-solo/src/main/java/org/b3log/solo/repository/ArchiveDateArticleRepository.java:[46,26] 找不到符号
[ERROR]   符号:   类 Logger
[ERROR]   位置: 类 org.b3log.solo.repository.ArchiveDateArticleRepository
[ERROR] /D:/project/github/bolo-solo/src/main/java/org/b3log/solo/repository/ArchiveDateRepository.java:[47,26] 找不到符号
[ERROR]   符号:   类 Logger
[ERROR]   位置: 类 org.b3log.solo.repository.ArchiveDateRepository
[ERROR] /D:/project/github/bolo-solo/src/main/java/org/b3log/solo/repository/TagArticleRepository.java:[48,26] 找不到符号
[ERROR]   符号:   类 Logger
[ERROR]   位置: 类 org.b3log.solo.repository.TagArticleRepository
[ERROR] /D:/project/github/bolo-solo/src/main/java/org/b3log/solo/service/ArticleMgmtService.java:[69,26] 找不到符号
[ERROR]   符号:   类 Logger
[ERROR]   位置: 类 org.b3log.solo.service.ArticleMgmtService
[ERROR] /D:/project/github/bolo-solo/src/main/java/org/b3log/solo/service/ArticleQueryService.java:[29,31] 程序包org.apache.commons.lang不存在
[ERROR] /D:/project/github/bolo-solo/src/main/java/org/b3log/solo/service/ArticleQueryService.java:[32,31] 程序包org.b3log.latke.logging不存在
[ERROR] /D:/project/github/bolo-solo/src/main/java/org/b3log/solo/service/ArticleQueryService.java:[33,31] 程序包org.b3log.latke.logging不存在
[ERROR] /D:/project/github/bolo-solo/src/main/java/org/b3log/solo/service/ArticleQueryService.java:[48,31] 程序包org.b3log.latke.servlet不存在
[ERROR] /D:/project/github/bolo-solo/src/main/java/org/b3log/solo/service/PermalinkQueryService.java:[23,31] 程序包org.apache.commons.lang不存在
[ERROR] /D:/project/github/bolo-solo/src/main/java/org/b3log/solo/service/PermalinkQueryService.java:[26,31] 程序包org.b3log.latke.logging不存在
[ERROR] /D:/project/github/bolo-solo/src/main/java/org/b3log/solo/service/PermalinkQueryService.java:[27,31] 程序包org.b3log.latke.logging不存在
[ERROR] /D:/project/github/bolo-solo/src/main/java/org/b3log/solo/service/StatisticQueryService.java:[21,31] 程序包org.b3log.latke.logging不存在
[ERROR] /D:/project/github/bolo-solo/src/main/java/org/b3log/solo/service/StatisticQueryService.java:[22,31] 程序包org.b3log.latke.logging不存在
[ERROR] /D:/project/github/bolo-solo/src/main/java/org/b3log/solo/service/TagMgmtService.java:[22,31] 程序包org.b3log.latke.logging不存在
[ERROR] /D:/project/github/bolo-solo/src/main/java/org/b3log/solo/service/TagMgmtService.java:[23,31] 程序包org.b3log.latke.logging不存在
[ERROR] /D:/project/github/bolo-solo/src/main/java/org/b3log/solo/service/CategoryMgmtService.java:[22,31] 程序包org.b3log.latke.logging不存在
[ERROR] -> [Help 1]
[ERROR] 
[ERROR] To see the full stack trace of the errors, re-run Maven with the -e switch.
[ERROR] Re-run Maven using the -X switch to enable full debug logging.
[ERROR] 
[ERROR] For more information about the errors and possible solutions, please read the following articles:
[ERROR] [Help 1] http://cwiki.apache.org/confluence/display/MAVEN/MojoFailureException
